******************************************************************************
                  MSP430 Linker PC v4.1.0                      
******************************************************************************
>> Linked Thu Nov 15 17:34:53 2012

OUTPUT FILE NAME:   <wsn.out>
ENTRY POINT SYMBOL: "_c_int00"  address: 0000cb96


MEMORY CONFIGURATION

         name            origin    length      used     unused   attr    fill
----------------------  --------  ---------  --------  --------  ----  --------
  SFR                   00000000   00000010  00000000  00000010  RWIX
  PERIPHERALS_8BIT      00000010   000000f0  00000000  000000f0  RWIX
  PERIPHERALS_16BIT     00000100   00000100  00000000  00000100  RWIX
  RAM                   00000200   00000200  000001c0  00000040  RWIX
  INFOD                 00001000   00000040  00000000  00000040  RWIX
  INFOC                 00001040   00000040  00000000  00000040  RWIX
  INFOB                 00001080   00000040  00000000  00000040  RWIX
  INFOA                 000010c0   00000040  00000000  00000040  RWIX
  FLASH                 0000c000   00003fe0  00000e20  000031c0  RWIX
  INT00                 0000ffe0   00000002  00000000  00000002  RWIX
  INT01                 0000ffe2   00000002  00000000  00000002  RWIX
  INT02                 0000ffe4   00000002  00000000  00000002  RWIX
  INT03                 0000ffe6   00000002  00000002  00000000  RWIX
  INT04                 0000ffe8   00000002  00000000  00000002  RWIX
  INT05                 0000ffea   00000002  00000000  00000002  RWIX
  INT06                 0000ffec   00000002  00000002  00000000  RWIX
  INT07                 0000ffee   00000002  00000002  00000000  RWIX
  INT08                 0000fff0   00000002  00000000  00000002  RWIX
  INT09                 0000fff2   00000002  00000002  00000000  RWIX
  INT10                 0000fff4   00000002  00000000  00000002  RWIX
  INT11                 0000fff6   00000002  00000000  00000002  RWIX
  INT12                 0000fff8   00000002  00000000  00000002  RWIX
  INT13                 0000fffa   00000002  00000000  00000002  RWIX
  INT14                 0000fffc   00000002  00000002  00000000  RWIX
  RESET                 0000fffe   00000002  00000002  00000000  RWIX


SECTION ALLOCATION MAP

 output                                  attributes/
section   page    origin      length       input sections
--------  ----  ----------  ----------   ----------------
.pinit     0    0000c000    00000000     UNINITIALIZED

.bss       0    00000200    00000120     UNINITIALIZED
                  00000200    0000008a     main.obj (.bss)
                  0000028a    00000082     cc2500.obj (.bss)
                  0000030c    00000008     rts430.lib : memory.obj (.bss)
                  00000314    00000004                : _lock.obj (.bss)
                  00000318    00000004                : boot.obj (.bss)
                  0000031c    00000004                : rand.obj (.bss)

.sysmem    0    00000320    00000050     UNINITIALIZED
                  00000320    00000004     rts430.lib : memory.obj (.sysmem)
                  00000324    0000004c     --HOLE--

.stack     0    000003b0    00000050     UNINITIALIZED
                  000003b0    00000002     rts430.lib : boot.obj (.stack)
                  000003b2    0000004e     --HOLE--

.text      0    0000c000    00000db6     
                  0000c000    0000026e     main.obj (.text:main)
                  0000c26e    00000194     cc2500.obj (.text:writeRFSettings)
                  0000c402    0000010e     main.obj (.text:cc2500_rx_callback)
                  0000c510    000000a8     rts430.lib : memory.obj (.text:malloc)
                  0000c5b8    00000084     main.obj (.text:Panic)
                  0000c63c    00000074     cc2500.obj (.text:receive_packet)
                  0000c6b0    00000066     cc2500.obj (.text:cc2500_tx)
                  0000c716    00000062     cc2500.obj (.text:port2_isr)
                  0000c778    00000060     spi.obj (.text:cc_read_burst_reg)
                  0000c7d8    00000048     cc2500.obj (.text:setup_cc2500)
                  0000c820    00000046     rts430.lib : autoinit.obj (.text:_auto_init)
                  0000c866    00000040     spi.obj (.text:cc_write_burst_reg)
                  0000c8a6    00000040     queue.obj (.text:insert)
                  0000c8e6    00000038     main.obj (.text:blink)
                  0000c91e    00000038     spi.obj (.text:cc_powerup_reset)
                  0000c956    00000038     rts430.lib : memory.obj (.text:minit)
                  0000c98e    00000038                : rand.obj (.text:rand)
                  0000c9c6    00000038     spi.obj (.text:spi_setup)
                  0000c9fe    00000032     main.obj (.text:get_min_max)
                  0000ca30    00000030     spi.obj (.text:cc_read_reg)
                  0000ca60    00000030     spi.obj (.text:cc_read_status)
                  0000ca90    0000002e     cc2500.obj (.text:cc2500_turn_on)
                  0000cabe    0000002e     main.obj (.text:rssi_to_dbm)
                  0000caec    0000002c     rts430.lib : div16s.obj (.text)
                  0000cb18    0000002c                : lsl16.obj (.text)
                  0000cb44    0000002a     main.obj (.text:USCIAB0TX_ISR)
                  0000cb6e    00000028     spi.obj (.text:cc_write_reg)
                  0000cb96    00000026     rts430.lib : boot.obj (.text:_c_int00_noexit)
                  0000cbbc    00000026                : mult32.obj (.text)
                  0000cbe2    00000024     main.obj (.text:Read_i2c_dummy)
                  0000cc06    00000022     main.obj (.text:dec_window)
                  0000cc28    00000020     cc2500.obj (.text:cc2500_turn_off)
                  0000cc48    0000001e     spi.obj (.text:cc_strobe)
                  0000cc66    0000001e     main.obj (.text:inc_window)
                  0000cc84    0000001c     main.obj (.text:USCIAB0RX_ISR)
                  0000cca0    0000001c     main.obj (.text:inizialize_window)
                  0000ccbc    00000018     cc2500.obj (.text:cc2500_disable_addressing)
                  0000ccd4    00000018     rts430.lib : rand.obj (.text:srand)
                  0000ccec    00000016     cc2500.obj (.text:cc2500_set_power)
                  0000cd02    00000016     rts430.lib : div16u.obj (.text)
                  0000cd18    00000014                : memset.obj (.text:memset)
                  0000cd2c    00000014                : mult16.obj (.text)
                  0000cd40    00000012                : memcpy.obj (.text:memcpy)
                  0000cd52    00000012     spi.obj (.text:wait_cycles)
                  0000cd64    00000010     main.obj (.text:nmi_)
                  0000cd74    00000010     main.obj (.text:reset_tar)
                  0000cd84    00000010     rts430.lib : epilog.obj (.text)
                  0000cd94    0000000a     cc2500.obj (.text:cc2500_set_rx)
                  0000cd9e    00000008     main.obj (.text:Timer_A)
                  0000cda6    00000006     cc2500.obj (.text:dummy_callback)
                  0000cdac    00000004     rts430.lib : pre_init.obj (.text:_system_pre_init)
                  0000cdb0    00000004                : exit.obj (.text:abort)
                  0000cdb4    00000002                : _lock.obj (.text:_nop)

.cinit     0    0000cdb6    0000006a     
                  0000cdb6    00000054     main.obj (.cinit)
                  0000ce0a    00000008     rts430.lib : rand.obj (.cinit)
                  0000ce12    00000006     cc2500.obj (.cinit)
                  0000ce18    00000006     rts430.lib : memory.obj (.cinit)
                  0000ce1e    00000002     --HOLE-- [fill = 0]

.int03     0    0000ffe6    00000002     
                  0000ffe6    00000002     cc2500.obj (.int03)

.int06     0    0000ffec    00000002     
                  0000ffec    00000002     main.obj (.int06)

.int07     0    0000ffee    00000002     
                  0000ffee    00000002     main.obj (.int07)

.int09     0    0000fff2    00000002     
                  0000fff2    00000002     main.obj (.int09)

.int14     0    0000fffc    00000002     
                  0000fffc    00000002     main.obj (.int14)

.reset     0    0000fffe    00000002     
                  0000fffe    00000002     rts430.lib : boot.obj (.reset)


GLOBAL SYMBOLS: SORTED ALPHABETICALLY BY Name 

address    name
--------   ----
00000200   .bss
0000c000   .text
0000004a   ADC10AE0
000001b0   ADC10CTL0
000001b2   ADC10CTL1
00000048   ADC10DTC0
00000049   ADC10DTC1
000001b4   ADC10MEM
000001bc   ADC10SA
00000057   BCSCTL1
00000058   BCSCTL2
00000053   BCSCTL3
0000cdb0   C$$EXIT
00000059   CACTL1
0000005a   CACTL2
000010fb   CALBC1_12MHZ
000010f9   CALBC1_16MHZ
000010ff   CALBC1_1MHZ
000010fd   CALBC1_8MHZ
000010fa   CALDCO_12MHZ
000010f8   CALDCO_16MHZ
000010fe   CALDCO_1MHZ
000010fc   CALDCO_8MHZ
0000005b   CAPD
00000056   DCOCTL
00000128   FCTL1
0000012a   FCTL2
0000012c   FCTL3
00000000   IE1
00000001   IE2
00000002   IFG1
00000003   IFG2
0000cb18   I_LSL
0000cb40   I_LSL_1
0000cb2e   I_LSL_10
0000cb2c   I_LSL_11
0000cb2a   I_LSL_12
0000cb28   I_LSL_13
0000cb26   I_LSL_14
0000cb24   I_LSL_15
0000cb3e   I_LSL_2
0000cb3c   I_LSL_3
0000cb3a   I_LSL_4
0000cb38   I_LSL_5
0000cb36   I_LSL_6
0000cb34   I_LSL_7
0000cb32   I_LSL_8
0000cb30   I_LSL_9
00000022   P1DIR
00000025   P1IE
00000024   P1IES
00000023   P1IFG
00000020   P1IN
00000021   P1OUT
00000027   P1REN
00000026   P1SEL
00000041   P1SEL2
0000002a   P2DIR
0000002d   P2IE
0000002c   P2IES
0000002b   P2IFG
00000028   P2IN
00000029   P2OUT
0000002f   P2REN
0000002e   P2SEL
00000042   P2SEL2
0000001a   P3DIR
00000018   P3IN
00000019   P3OUT
00000010   P3REN
0000001b   P3SEL
00000043   P3SEL2
0000c5b8   Panic
0000cbe2   Read_i2c_dummy
00000172   TA0CCR0
00000174   TA0CCR1
00000176   TA0CCR2
00000162   TA0CCTL0
00000164   TA0CCTL1
00000166   TA0CCTL2
00000160   TA0CTL
0000012e   TA0IV
00000170   TA0R
00000192   TA1CCR0
00000194   TA1CCR1
00000196   TA1CCR2
00000182   TA1CCTL0
00000184   TA1CCTL1
00000186   TA1CCTL2
00000180   TA1CTL
0000011e   TA1IV
00000190   TA1R
0000cd9e   Timer_A
0000005d   UCA0ABCTL
00000062   UCA0BR0
00000063   UCA0BR1
00000060   UCA0CTL0
00000061   UCA0CTL1
0000005f   UCA0IRRCTL
0000005e   UCA0IRTCTL
00000064   UCA0MCTL
00000066   UCA0RXBUF
00000065   UCA0STAT
00000067   UCA0TXBUF
0000006a   UCB0BR0
0000006b   UCB0BR1
00000068   UCB0CTL0
00000069   UCB0CTL1
0000006c   UCB0I2CIE
00000118   UCB0I2COA
0000011a   UCB0I2CSA
0000006e   UCB0RXBUF
0000006d   UCB0STAT
0000006f   UCB0TXBUF
0000cc84   USCIAB0RX_ISR
0000cb44   USCIAB0TX_ISR
00000120   WDTCTL
00000400   __STACK_END
00000050   __STACK_SIZE
00000050   __SYSMEM_SIZE
00000001   __TI_args_main
00000001   __TI_auto_init
00000001   __TI_exit
ffffffff   __binit__
00000200   __bss__
ffffffff   __c_args__
0000cdb6   __cinit__
0000caec   __divi
0000cd02   __divu
00000320   __end__
0000cdb6   __etext__
0000cd2c   __mpyi
0000cbbc   __mpyl
ffffffff   __pinit__
0000caec   __remi
0000cd02   __remu
0000c000   __text__
0000c820   _auto_init
0000cb96   _c_int00
0000cb96   _c_int00_noexit
00000318   _cleanup_ptr
0000031a   _dtors_ptr
00000314   _lock
0000cdb4   _nop
0000fffe   _reset_vector
000003b0   _stack
00000320   _sys_memory
0000cdac   _system_pre_init
00000316   _unlock
0000cdb0   abort
0000022c   beacon_loss
ffffffff   binit
0000c8e6   blink
0000ccbc   cc2500_disable_addressing
0000c402   cc2500_rx_callback
0000ccec   cc2500_set_power
0000cd94   cc2500_set_rx
0000cc28   cc2500_turn_off
0000ca90   cc2500_turn_on
0000c6b0   cc2500_tx
0000c91e   cc_powerup_reset
0000c778   cc_read_burst_reg
0000ca30   cc_read_reg
0000ca60   cc_read_status
0000cc48   cc_strobe
0000c866   cc_write_burst_reg
0000cb6e   cc_write_reg
0000cdb6   cinit
00000282   data_received
0000cc06   dec_window
00000320   end
0000cdb6   etext
0000cd90   func_epilog_1
0000cd8e   func_epilog_2
0000cd8c   func_epilog_3
0000cd8a   func_epilog_4
0000cd88   func_epilog_5
0000cd86   func_epilog_6
0000cd84   func_epilog_7
0000c9fe   get_min_max
0000cc66   inc_window
0000cca0   inizialize_window
0000c8a6   insert
00000236   k
0000023e   mac_not_set
0000c000   main
0000c510   malloc
0000cd40   memcpy
0000cd18   memset
0000c956   minit
00000200   my_beacon
0000023c   my_mac
00000280   n_beacon_received
00000234   n_hop
00000238   n_wakeup
00000230   next_hop
0000cd64   nmi_
00000286   ok
0000022e   packet_send
00000284   panic
ffffffff   pinit
0000c716   port2_isr
0000022a   power
0000c98e   rand
0000c63c   receive_packet
0000cd74   reset_tar
00000228   rssi
0000cabe   rssi_to_dbm
0000c7d8   setup_cc2500
00000288   soc
00000232   soc_next_hop
0000c9c6   spi_setup
0000ccd4   srand
00000226   txBuffer_data
0000cd52   wait_cycles
0000023a   wait_for_mac
00000240   window
0000c26e   writeRFSettings


GLOBAL SYMBOLS: SORTED BY Symbol Address 

address    name
--------   ----
00000000   IE1
00000001   IE2
00000001   __TI_args_main
00000001   __TI_auto_init
00000001   __TI_exit
00000002   IFG1
00000003   IFG2
00000010   P3REN
00000018   P3IN
00000019   P3OUT
0000001a   P3DIR
0000001b   P3SEL
00000020   P1IN
00000021   P1OUT
00000022   P1DIR
00000023   P1IFG
00000024   P1IES
00000025   P1IE
00000026   P1SEL
00000027   P1REN
00000028   P2IN
00000029   P2OUT
0000002a   P2DIR
0000002b   P2IFG
0000002c   P2IES
0000002d   P2IE
0000002e   P2SEL
0000002f   P2REN
00000041   P1SEL2
00000042   P2SEL2
00000043   P3SEL2
00000048   ADC10DTC0
00000049   ADC10DTC1
0000004a   ADC10AE0
00000050   __STACK_SIZE
00000050   __SYSMEM_SIZE
00000053   BCSCTL3
00000056   DCOCTL
00000057   BCSCTL1
00000058   BCSCTL2
00000059   CACTL1
0000005a   CACTL2
0000005b   CAPD
0000005d   UCA0ABCTL
0000005e   UCA0IRTCTL
0000005f   UCA0IRRCTL
00000060   UCA0CTL0
00000061   UCA0CTL1
00000062   UCA0BR0
00000063   UCA0BR1
00000064   UCA0MCTL
00000065   UCA0STAT
00000066   UCA0RXBUF
00000067   UCA0TXBUF
00000068   UCB0CTL0
00000069   UCB0CTL1
0000006a   UCB0BR0
0000006b   UCB0BR1
0000006c   UCB0I2CIE
0000006d   UCB0STAT
0000006e   UCB0RXBUF
0000006f   UCB0TXBUF
00000118   UCB0I2COA
0000011a   UCB0I2CSA
0000011e   TA1IV
00000120   WDTCTL
00000128   FCTL1
0000012a   FCTL2
0000012c   FCTL3
0000012e   TA0IV
00000160   TA0CTL
00000162   TA0CCTL0
00000164   TA0CCTL1
00000166   TA0CCTL2
00000170   TA0R
00000172   TA0CCR0
00000174   TA0CCR1
00000176   TA0CCR2
00000180   TA1CTL
00000182   TA1CCTL0
00000184   TA1CCTL1
00000186   TA1CCTL2
00000190   TA1R
00000192   TA1CCR0
00000194   TA1CCR1
00000196   TA1CCR2
000001b0   ADC10CTL0
000001b2   ADC10CTL1
000001b4   ADC10MEM
000001bc   ADC10SA
00000200   .bss
00000200   __bss__
00000200   my_beacon
00000226   txBuffer_data
00000228   rssi
0000022a   power
0000022c   beacon_loss
0000022e   packet_send
00000230   next_hop
00000232   soc_next_hop
00000234   n_hop
00000236   k
00000238   n_wakeup
0000023a   wait_for_mac
0000023c   my_mac
0000023e   mac_not_set
00000240   window
00000280   n_beacon_received
00000282   data_received
00000284   panic
00000286   ok
00000288   soc
00000314   _lock
00000316   _unlock
00000318   _cleanup_ptr
0000031a   _dtors_ptr
00000320   __end__
00000320   _sys_memory
00000320   end
000003b0   _stack
00000400   __STACK_END
000010f8   CALDCO_16MHZ
000010f9   CALBC1_16MHZ
000010fa   CALDCO_12MHZ
000010fb   CALBC1_12MHZ
000010fc   CALDCO_8MHZ
000010fd   CALBC1_8MHZ
000010fe   CALDCO_1MHZ
000010ff   CALBC1_1MHZ
0000c000   .text
0000c000   __text__
0000c000   main
0000c26e   writeRFSettings
0000c402   cc2500_rx_callback
0000c510   malloc
0000c5b8   Panic
0000c63c   receive_packet
0000c6b0   cc2500_tx
0000c716   port2_isr
0000c778   cc_read_burst_reg
0000c7d8   setup_cc2500
0000c820   _auto_init
0000c866   cc_write_burst_reg
0000c8a6   insert
0000c8e6   blink
0000c91e   cc_powerup_reset
0000c956   minit
0000c98e   rand
0000c9c6   spi_setup
0000c9fe   get_min_max
0000ca30   cc_read_reg
0000ca60   cc_read_status
0000ca90   cc2500_turn_on
0000cabe   rssi_to_dbm
0000caec   __divi
0000caec   __remi
0000cb18   I_LSL
0000cb24   I_LSL_15
0000cb26   I_LSL_14
0000cb28   I_LSL_13
0000cb2a   I_LSL_12
0000cb2c   I_LSL_11
0000cb2e   I_LSL_10
0000cb30   I_LSL_9
0000cb32   I_LSL_8
0000cb34   I_LSL_7
0000cb36   I_LSL_6
0000cb38   I_LSL_5
0000cb3a   I_LSL_4
0000cb3c   I_LSL_3
0000cb3e   I_LSL_2
0000cb40   I_LSL_1
0000cb44   USCIAB0TX_ISR
0000cb6e   cc_write_reg
0000cb96   _c_int00
0000cb96   _c_int00_noexit
0000cbbc   __mpyl
0000cbe2   Read_i2c_dummy
0000cc06   dec_window
0000cc28   cc2500_turn_off
0000cc48   cc_strobe
0000cc66   inc_window
0000cc84   USCIAB0RX_ISR
0000cca0   inizialize_window
0000ccbc   cc2500_disable_addressing
0000ccd4   srand
0000ccec   cc2500_set_power
0000cd02   __divu
0000cd02   __remu
0000cd18   memset
0000cd2c   __mpyi
0000cd40   memcpy
0000cd52   wait_cycles
0000cd64   nmi_
0000cd74   reset_tar
0000cd84   func_epilog_7
0000cd86   func_epilog_6
0000cd88   func_epilog_5
0000cd8a   func_epilog_4
0000cd8c   func_epilog_3
0000cd8e   func_epilog_2
0000cd90   func_epilog_1
0000cd94   cc2500_set_rx
0000cd9e   Timer_A
0000cdac   _system_pre_init
0000cdb0   C$$EXIT
0000cdb0   abort
0000cdb4   _nop
0000cdb6   __cinit__
0000cdb6   __etext__
0000cdb6   cinit
0000cdb6   etext
0000fffe   _reset_vector
ffffffff   __binit__
ffffffff   __c_args__
ffffffff   __pinit__
ffffffff   binit
ffffffff   pinit

[218 symbols]
