******************************************************************************
                  MSP430 Linker PC v4.1.0                      
******************************************************************************
>> Linked Tue Dec 04 15:39:22 2012

OUTPUT FILE NAME:   <wsn_dynamic_MAC.out>
ENTRY POINT SYMBOL: "_c_int00"  address: 0000ccbc


MEMORY CONFIGURATION

         name            origin    length      used     unused   attr    fill
----------------------  --------  ---------  --------  --------  ----  --------
  SFR                   00000000   00000010  00000000  00000010  RWIX
  PERIPHERALS_8BIT      00000010   000000f0  00000000  000000f0  RWIX
  PERIPHERALS_16BIT     00000100   00000100  00000000  00000100  RWIX
  RAM                   00000200   00000200  000001c0  00000040  RWIX
  INFOD                 00001000   00000040  00000000  00000040  RWIX
  INFOC                 00001040   00000040  00000000  00000040  RWIX
  INFOB                 00001080   00000040  00000000  00000040  RWIX
  INFOA                 000010c0   00000040  00000000  00000040  RWIX
  FLASH                 0000c000   00003fe0  00000f54  0000308c  RWIX
  INT00                 0000ffe0   00000002  00000000  00000002  RWIX
  INT01                 0000ffe2   00000002  00000000  00000002  RWIX
  INT02                 0000ffe4   00000002  00000000  00000002  RWIX
  INT03                 0000ffe6   00000002  00000002  00000000  RWIX
  INT04                 0000ffe8   00000002  00000000  00000002  RWIX
  INT05                 0000ffea   00000002  00000000  00000002  RWIX
  INT06                 0000ffec   00000002  00000002  00000000  RWIX
  INT07                 0000ffee   00000002  00000002  00000000  RWIX
  INT08                 0000fff0   00000002  00000000  00000002  RWIX
  INT09                 0000fff2   00000002  00000002  00000000  RWIX
  INT10                 0000fff4   00000002  00000000  00000002  RWIX
  INT11                 0000fff6   00000002  00000000  00000002  RWIX
  INT12                 0000fff8   00000002  00000000  00000002  RWIX
  INT13                 0000fffa   00000002  00000000  00000002  RWIX
  INT14                 0000fffc   00000002  00000002  00000000  RWIX
  RESET                 0000fffe   00000002  00000002  00000000  RWIX


SECTION ALLOCATION MAP

 output                                  attributes/
section   page    origin      length       input sections
--------  ----  ----------  ----------   ----------------
.pinit     0    0000c000    00000000     UNINITIALIZED

.bss       0    00000200    00000120     UNINITIALIZED
                  00000200    0000008a     main.obj (.bss)
                  0000028a    00000082     cc2500.obj (.bss)
                  0000030c    00000008     rts430.lib : memory.obj (.bss)
                  00000314    00000004                : _lock.obj (.bss)
                  00000318    00000004                : boot.obj (.bss)
                  0000031c    00000004                : rand.obj (.bss)

.sysmem    0    00000320    00000050     UNINITIALIZED
                  00000320    00000004     rts430.lib : memory.obj (.sysmem)
                  00000324    0000004c     --HOLE--

.stack     0    000003b0    00000050     UNINITIALIZED
                  000003b0    00000002     rts430.lib : boot.obj (.stack)
                  000003b2    0000004e     --HOLE--

.text      0    0000c000    00000eea     
                  0000c000    0000026c     main.obj (.text:main)
                  0000c26c    00000194     cc2500.obj (.text:writeRFSettings)
                  0000c400    00000140     main.obj (.text:cc2500_rx_callback)
                  0000c540    000000a8     rts430.lib : memory.obj (.text:malloc)
                  0000c5e8    00000084     main.obj (.text:Panic)
                  0000c66c    00000080     rts430.lib : memory.obj (.text:free)
                  0000c6ec    00000074     cc2500.obj (.text:receive_packet)
                  0000c760    00000066     cc2500.obj (.text:cc2500_tx)
                  0000c7c6    00000062     cc2500.obj (.text:port2_isr)
                  0000c828    00000060     spi.obj (.text:cc_read_burst_reg)
                  0000c888    00000048     cc2500.obj (.text:setup_cc2500)
                  0000c8d0    00000046     rts430.lib : autoinit.obj (.text:_auto_init)
                  0000c916    00000046     queue.obj (.text:my_delete)
                  0000c95c    00000040     spi.obj (.text:cc_write_burst_reg)
                  0000c99c    00000040     queue.obj (.text:insert)
                  0000c9dc    00000038     utils.obj (.text:blink)
                  0000ca14    00000038     spi.obj (.text:cc_powerup_reset)
                  0000ca4c    00000038     utils.obj (.text:get_min_max)
                  0000ca84    00000038     rts430.lib : memory.obj (.text:minit)
                  0000cabc    00000038                : rand.obj (.text:rand)
                  0000caf4    00000038     spi.obj (.text:spi_setup)
                  0000cb2c    00000030     spi.obj (.text:cc_read_reg)
                  0000cb5c    00000030     spi.obj (.text:cc_read_status)
                  0000cb8c    0000002e     cc2500.obj (.text:cc2500_turn_on)
                  0000cbba    0000002e     utils.obj (.text:rssi_to_dbm)
                  0000cbe8    0000002c     rts430.lib : div16s.obj (.text)
                  0000cc14    0000002c                : lsl16.obj (.text)
                  0000cc40    0000002a     main.obj (.text:USCIAB0TX_ISR)
                  0000cc6a    0000002a     utils.obj (.text:dec_window)
                  0000cc94    00000028     spi.obj (.text:cc_write_reg)
                  0000ccbc    00000026     rts430.lib : boot.obj (.text:_c_int00_noexit)
                  0000cce2    00000026     utils.obj (.text:inc_window)
                  0000cd08    00000026     utils.obj (.text:make_dhcp_request)
                  0000cd2e    00000026     rts430.lib : mult32.obj (.text)
                  0000cd54    00000024     main.obj (.text:Read_i2c_dummy)
                  0000cd78    00000020     cc2500.obj (.text:cc2500_turn_off)
                  0000cd98    0000001e     spi.obj (.text:cc_strobe)
                  0000cdb6    0000001e     utils.obj (.text:inizialize_window)
                  0000cdd4    0000001c     main.obj (.text:USCIAB0RX_ISR)
                  0000cdf0    00000018     cc2500.obj (.text:cc2500_disable_addressing)
                  0000ce08    00000018     rts430.lib : rand.obj (.text:srand)
                  0000ce20    00000016     cc2500.obj (.text:cc2500_set_power)
                  0000ce36    00000016     rts430.lib : div16u.obj (.text)
                  0000ce4c    00000014                : memset.obj (.text:memset)
                  0000ce60    00000014                : mult16.obj (.text)
                  0000ce74    00000012                : memcpy.obj (.text:memcpy)
                  0000ce86    00000012     spi.obj (.text:wait_cycles)
                  0000ce98    00000010     main.obj (.text:nmi_)
                  0000cea8    00000010     utils.obj (.text:reset_tar)
                  0000ceb8    00000010     rts430.lib : epilog.obj (.text)
                  0000cec8    0000000a     cc2500.obj (.text:cc2500_set_rx)
                  0000ced2    00000008     main.obj (.text:Timer_A)
                  0000ceda    00000006     cc2500.obj (.text:dummy_callback)
                  0000cee0    00000004     rts430.lib : pre_init.obj (.text:_system_pre_init)
                  0000cee4    00000004                : exit.obj (.text:abort)
                  0000cee8    00000002                : _lock.obj (.text:_nop)

.cinit     0    0000ceea    0000006a     
                  0000ceea    00000054     main.obj (.cinit)
                  0000cf3e    00000008     rts430.lib : rand.obj (.cinit)
                  0000cf46    00000006     cc2500.obj (.cinit)
                  0000cf4c    00000006     rts430.lib : memory.obj (.cinit)
                  0000cf52    00000002     --HOLE-- [fill = 0]

.int03     0    0000ffe6    00000002     
                  0000ffe6    00000002     cc2500.obj (.int03)

.int06     0    0000ffec    00000002     
                  0000ffec    00000002     main.obj (.int06)

.int07     0    0000ffee    00000002     
                  0000ffee    00000002     main.obj (.int07)

.int09     0    0000fff2    00000002     
                  0000fff2    00000002     main.obj (.int09)

.int14     0    0000fffc    00000002     
                  0000fffc    00000002     main.obj (.int14)

.reset     0    0000fffe    00000002     
                  0000fffe    00000002     rts430.lib : boot.obj (.reset)


GLOBAL SYMBOLS: SORTED ALPHABETICALLY BY Name 

address    name
--------   ----
00000200   .bss
0000c000   .text
0000004a   ADC10AE0
000001b0   ADC10CTL0
000001b2   ADC10CTL1
00000048   ADC10DTC0
00000049   ADC10DTC1
000001b4   ADC10MEM
000001bc   ADC10SA
00000057   BCSCTL1
00000058   BCSCTL2
00000053   BCSCTL3
0000cee4   C$$EXIT
00000059   CACTL1
0000005a   CACTL2
000010fb   CALBC1_12MHZ
000010f9   CALBC1_16MHZ
000010ff   CALBC1_1MHZ
000010fd   CALBC1_8MHZ
000010fa   CALDCO_12MHZ
000010f8   CALDCO_16MHZ
000010fe   CALDCO_1MHZ
000010fc   CALDCO_8MHZ
0000005b   CAPD
00000056   DCOCTL
00000128   FCTL1
0000012a   FCTL2
0000012c   FCTL3
00000000   IE1
00000001   IE2
00000002   IFG1
00000003   IFG2
0000cc14   I_LSL
0000cc3c   I_LSL_1
0000cc2a   I_LSL_10
0000cc28   I_LSL_11
0000cc26   I_LSL_12
0000cc24   I_LSL_13
0000cc22   I_LSL_14
0000cc20   I_LSL_15
0000cc3a   I_LSL_2
0000cc38   I_LSL_3
0000cc36   I_LSL_4
0000cc34   I_LSL_5
0000cc32   I_LSL_6
0000cc30   I_LSL_7
0000cc2e   I_LSL_8
0000cc2c   I_LSL_9
00000022   P1DIR
00000025   P1IE
00000024   P1IES
00000023   P1IFG
00000020   P1IN
00000021   P1OUT
00000027   P1REN
00000026   P1SEL
00000041   P1SEL2
0000002a   P2DIR
0000002d   P2IE
0000002c   P2IES
0000002b   P2IFG
00000028   P2IN
00000029   P2OUT
0000002f   P2REN
0000002e   P2SEL
00000042   P2SEL2
0000001a   P3DIR
00000018   P3IN
00000019   P3OUT
00000010   P3REN
0000001b   P3SEL
00000043   P3SEL2
0000c5e8   Panic
0000cd54   Read_i2c_dummy
00000172   TA0CCR0
00000174   TA0CCR1
00000176   TA0CCR2
00000162   TA0CCTL0
00000164   TA0CCTL1
00000166   TA0CCTL2
00000160   TA0CTL
0000012e   TA0IV
00000170   TA0R
00000192   TA1CCR0
00000194   TA1CCR1
00000196   TA1CCR2
00000182   TA1CCTL0
00000184   TA1CCTL1
00000186   TA1CCTL2
00000180   TA1CTL
0000011e   TA1IV
00000190   TA1R
0000ced2   Timer_A
0000005d   UCA0ABCTL
00000062   UCA0BR0
00000063   UCA0BR1
00000060   UCA0CTL0
00000061   UCA0CTL1
0000005f   UCA0IRRCTL
0000005e   UCA0IRTCTL
00000064   UCA0MCTL
00000066   UCA0RXBUF
00000065   UCA0STAT
00000067   UCA0TXBUF
0000006a   UCB0BR0
0000006b   UCB0BR1
00000068   UCB0CTL0
00000069   UCB0CTL1
0000006c   UCB0I2CIE
00000118   UCB0I2COA
0000011a   UCB0I2CSA
0000006e   UCB0RXBUF
0000006d   UCB0STAT
0000006f   UCB0TXBUF
0000cdd4   USCIAB0RX_ISR
0000cc40   USCIAB0TX_ISR
00000120   WDTCTL
00000400   __STACK_END
00000050   __STACK_SIZE
00000050   __SYSMEM_SIZE
00000001   __TI_args_main
00000001   __TI_auto_init
00000001   __TI_exit
ffffffff   __binit__
00000200   __bss__
ffffffff   __c_args__
0000ceea   __cinit__
0000cbe8   __divi
0000ce36   __divu
00000320   __end__
0000ceea   __etext__
0000ce60   __mpyi
0000cd2e   __mpyl
ffffffff   __pinit__
0000cbe8   __remi
0000ce36   __remu
0000c000   __text__
0000c8d0   _auto_init
0000ccbc   _c_int00
0000ccbc   _c_int00_noexit
00000318   _cleanup_ptr
0000031a   _dtors_ptr
00000314   _lock
0000cee8   _nop
0000fffe   _reset_vector
000003b0   _stack
00000320   _sys_memory
0000cee0   _system_pre_init
00000316   _unlock
0000cee4   abort
0000022c   beacon_loss
ffffffff   binit
0000c9dc   blink
0000cdf0   cc2500_disable_addressing
0000c400   cc2500_rx_callback
0000ce20   cc2500_set_power
0000cec8   cc2500_set_rx
0000cd78   cc2500_turn_off
0000cb8c   cc2500_turn_on
0000c760   cc2500_tx
0000ca14   cc_powerup_reset
0000c828   cc_read_burst_reg
0000cb2c   cc_read_reg
0000cb5c   cc_read_status
0000cd98   cc_strobe
0000c95c   cc_write_burst_reg
0000cc94   cc_write_reg
0000ceea   cinit
00000282   data_received
0000cc6a   dec_window
00000320   end
0000ceea   etext
0000c66c   free
0000cec4   func_epilog_1
0000cec2   func_epilog_2
0000cec0   func_epilog_3
0000cebe   func_epilog_4
0000cebc   func_epilog_5
0000ceba   func_epilog_6
0000ceb8   func_epilog_7
0000ca4c   get_min_max
0000cce2   inc_window
0000cdb6   inizialize_window
0000c99c   insert
00000236   k
0000023e   mac_not_set
0000c000   main
0000cd08   make_dhcp_request
0000c540   malloc
0000ce74   memcpy
0000ce4c   memset
0000ca84   minit
00000200   my_beacon
0000c916   my_delete
0000023c   my_mac
00000280   n_beacon_received
00000234   n_hop
00000238   n_wakeup
00000230   next_hop
0000ce98   nmi_
00000286   ok
0000022e   packet_send
00000284   panic
ffffffff   pinit
0000c7c6   port2_isr
0000022a   power
0000cabc   rand
0000c6ec   receive_packet
0000cea8   reset_tar
00000228   rssi
0000cbba   rssi_to_dbm
0000c888   setup_cc2500
00000288   soc
00000232   soc_next_hop
0000caf4   spi_setup
0000ce08   srand
00000226   txBuffer_data
0000ce86   wait_cycles
0000023a   wait_for_mac
00000240   window
0000c26c   writeRFSettings


GLOBAL SYMBOLS: SORTED BY Symbol Address 

address    name
--------   ----
00000000   IE1
00000001   IE2
00000001   __TI_args_main
00000001   __TI_auto_init
00000001   __TI_exit
00000002   IFG1
00000003   IFG2
00000010   P3REN
00000018   P3IN
00000019   P3OUT
0000001a   P3DIR
0000001b   P3SEL
00000020   P1IN
00000021   P1OUT
00000022   P1DIR
00000023   P1IFG
00000024   P1IES
00000025   P1IE
00000026   P1SEL
00000027   P1REN
00000028   P2IN
00000029   P2OUT
0000002a   P2DIR
0000002b   P2IFG
0000002c   P2IES
0000002d   P2IE
0000002e   P2SEL
0000002f   P2REN
00000041   P1SEL2
00000042   P2SEL2
00000043   P3SEL2
00000048   ADC10DTC0
00000049   ADC10DTC1
0000004a   ADC10AE0
00000050   __STACK_SIZE
00000050   __SYSMEM_SIZE
00000053   BCSCTL3
00000056   DCOCTL
00000057   BCSCTL1
00000058   BCSCTL2
00000059   CACTL1
0000005a   CACTL2
0000005b   CAPD
0000005d   UCA0ABCTL
0000005e   UCA0IRTCTL
0000005f   UCA0IRRCTL
00000060   UCA0CTL0
00000061   UCA0CTL1
00000062   UCA0BR0
00000063   UCA0BR1
00000064   UCA0MCTL
00000065   UCA0STAT
00000066   UCA0RXBUF
00000067   UCA0TXBUF
00000068   UCB0CTL0
00000069   UCB0CTL1
0000006a   UCB0BR0
0000006b   UCB0BR1
0000006c   UCB0I2CIE
0000006d   UCB0STAT
0000006e   UCB0RXBUF
0000006f   UCB0TXBUF
00000118   UCB0I2COA
0000011a   UCB0I2CSA
0000011e   TA1IV
00000120   WDTCTL
00000128   FCTL1
0000012a   FCTL2
0000012c   FCTL3
0000012e   TA0IV
00000160   TA0CTL
00000162   TA0CCTL0
00000164   TA0CCTL1
00000166   TA0CCTL2
00000170   TA0R
00000172   TA0CCR0
00000174   TA0CCR1
00000176   TA0CCR2
00000180   TA1CTL
00000182   TA1CCTL0
00000184   TA1CCTL1
00000186   TA1CCTL2
00000190   TA1R
00000192   TA1CCR0
00000194   TA1CCR1
00000196   TA1CCR2
000001b0   ADC10CTL0
000001b2   ADC10CTL1
000001b4   ADC10MEM
000001bc   ADC10SA
00000200   .bss
00000200   __bss__
00000200   my_beacon
00000226   txBuffer_data
00000228   rssi
0000022a   power
0000022c   beacon_loss
0000022e   packet_send
00000230   next_hop
00000232   soc_next_hop
00000234   n_hop
00000236   k
00000238   n_wakeup
0000023a   wait_for_mac
0000023c   my_mac
0000023e   mac_not_set
00000240   window
00000280   n_beacon_received
00000282   data_received
00000284   panic
00000286   ok
00000288   soc
00000314   _lock
00000316   _unlock
00000318   _cleanup_ptr
0000031a   _dtors_ptr
00000320   __end__
00000320   _sys_memory
00000320   end
000003b0   _stack
00000400   __STACK_END
000010f8   CALDCO_16MHZ
000010f9   CALBC1_16MHZ
000010fa   CALDCO_12MHZ
000010fb   CALBC1_12MHZ
000010fc   CALDCO_8MHZ
000010fd   CALBC1_8MHZ
000010fe   CALDCO_1MHZ
000010ff   CALBC1_1MHZ
0000c000   .text
0000c000   __text__
0000c000   main
0000c26c   writeRFSettings
0000c400   cc2500_rx_callback
0000c540   malloc
0000c5e8   Panic
0000c66c   free
0000c6ec   receive_packet
0000c760   cc2500_tx
0000c7c6   port2_isr
0000c828   cc_read_burst_reg
0000c888   setup_cc2500
0000c8d0   _auto_init
0000c916   my_delete
0000c95c   cc_write_burst_reg
0000c99c   insert
0000c9dc   blink
0000ca14   cc_powerup_reset
0000ca4c   get_min_max
0000ca84   minit
0000cabc   rand
0000caf4   spi_setup
0000cb2c   cc_read_reg
0000cb5c   cc_read_status
0000cb8c   cc2500_turn_on
0000cbba   rssi_to_dbm
0000cbe8   __divi
0000cbe8   __remi
0000cc14   I_LSL
0000cc20   I_LSL_15
0000cc22   I_LSL_14
0000cc24   I_LSL_13
0000cc26   I_LSL_12
0000cc28   I_LSL_11
0000cc2a   I_LSL_10
0000cc2c   I_LSL_9
0000cc2e   I_LSL_8
0000cc30   I_LSL_7
0000cc32   I_LSL_6
0000cc34   I_LSL_5
0000cc36   I_LSL_4
0000cc38   I_LSL_3
0000cc3a   I_LSL_2
0000cc3c   I_LSL_1
0000cc40   USCIAB0TX_ISR
0000cc6a   dec_window
0000cc94   cc_write_reg
0000ccbc   _c_int00
0000ccbc   _c_int00_noexit
0000cce2   inc_window
0000cd08   make_dhcp_request
0000cd2e   __mpyl
0000cd54   Read_i2c_dummy
0000cd78   cc2500_turn_off
0000cd98   cc_strobe
0000cdb6   inizialize_window
0000cdd4   USCIAB0RX_ISR
0000cdf0   cc2500_disable_addressing
0000ce08   srand
0000ce20   cc2500_set_power
0000ce36   __divu
0000ce36   __remu
0000ce4c   memset
0000ce60   __mpyi
0000ce74   memcpy
0000ce86   wait_cycles
0000ce98   nmi_
0000cea8   reset_tar
0000ceb8   func_epilog_7
0000ceba   func_epilog_6
0000cebc   func_epilog_5
0000cebe   func_epilog_4
0000cec0   func_epilog_3
0000cec2   func_epilog_2
0000cec4   func_epilog_1
0000cec8   cc2500_set_rx
0000ced2   Timer_A
0000cee0   _system_pre_init
0000cee4   C$$EXIT
0000cee4   abort
0000cee8   _nop
0000ceea   __cinit__
0000ceea   __etext__
0000ceea   cinit
0000ceea   etext
0000fffe   _reset_vector
ffffffff   __binit__
ffffffff   __c_args__
ffffffff   __pinit__
ffffffff   binit
ffffffff   pinit

[221 symbols]
